// Jest Snapshot v1, https://goo.gl/fbAQLP

exports[`TextFilter renders correctly 1`] = `
<div>
  <div
    class="column-filter"
    id="test"
  >
    <div
      style="overflow: hidden; height: 150px;"
    >
      <input
        class="title"
        id="searchertest"
        placeholder="Search for test..."
        type="text"
        value=""
      />
      <div
        class="column-filter-wrapper"
        id="searchtest"
        style="height: calc(100% - 28px);"
      >
        <div
          class="column-filter-item"
        >
          <input
            checked=""
            class="input-cols-filter"
            id="AllParamstest"
            type="checkbox"
            value="true"
          />
          <label
            class="input-column-name"
            for="AllParamstest"
          >
            (All)
          </label>
        </div>
      </div>
    </div>
    <div
      class="apply-button-wrapper"
    >
      <button
        class="apply-button"
      >
        Reset
      </button>
      <button
        class="apply-button"
        style="margin-left: 5px;"
      >
        Apply
      </button>
    </div>
  </div>
</div>
`;
